<html>
<body>
<pre>
<h1>µVision Build Log</h1>
<h2>Tool Versions:</h2>
IDE-Version: ¦ÌVision V5.40.0.0
Copyright (C) 2024 ARM Ltd and ARM Germany GmbH. All rights reserved.
License Information: 123 2993482892@qq.com, 123, LIC=TIVNB-2EW6K-GKYBG-VS9MV-WQZ6K-TQ0BI
 
Tool Versions:
Toolchain:       MDK-ARM Plus  Version: 5.40.0.3
Toolchain Path:  D:\ProgrammingTool\MDK\Core\ARM\ARMCC\Bin
C Compiler:      Armcc.exe V5.05 update 1 (build 106)
Assembler:       Armasm.exe V5.05 update 1 (build 106)
Linker/Locator:  ArmLink.exe V5.05 update 1 (build 106)
Library Manager: ArmAr.exe V5.05 update 1 (build 106)
Hex Converter:   FromElf.exe V5.05 update 1 (build 106)
CPU DLL:         SARMCM3.DLL V5.40.0.3
Dialog DLL:      DCM.DLL V1.17.5.0
Target DLL:      STLink\ST-LINKIII-KEIL_SWO.dll V3.3.0.0
Dialog DLL:      TCM.DLL V1.56.4.0
 
<h2>Project:</h2>
D:\desktop\L431\L431Template\MDK-ARM\L431Template.uvprojx
Project File Date:  11/22/2024

<h2>Output:</h2>
*** Using Compiler 'V5.05 update 1 (build 106)', folder: 'D:\ProgrammingTool\MDK\Core\ARM\ARMCC\Bin'
Build target 'L431Template'
assembling startup_stm32l431xx.s...
compiling i2c.c...
compiling stm32l4xx_hal.c...
compiling stm32l4xx_hal_i2c_ex.c...
compiling stm32l4xx_hal_msp.c...
compiling stm32l4xx_hal_gpio.c...
compiling stm32l4xx_hal_i2c.c...
compiling main.c...
../Src/main.c(65): warning:  #223-D: function "Serial_SendArray" declared implicitly
  	Serial_SendArray(RxBuffer,sizeof(RxBuffer)/sizeof(RxBuffer[0]));
../Src/main.c: 1 warning, 0 errors
compiling stm32l4xx_it.c...
compiling gpio.c...
compiling stm32l4xx_hal_flash_ramfunc.c...
compiling stm32l4xx_hal_rcc_ex.c...
compiling stm32l4xx_hal_flash_ex.c...
compiling stm32l4xx_hal_flash.c...
compiling usart.c...
../Src/usart.c(39): warning:  #223-D: function "strlen" declared implicitly
  	HAL_UART_Transmit_IT(&huart3,(uint8_t *)String,strlen(String));
../Src/usart.c: 1 warning, 0 errors
compiling stm32l4xx_hal_dma.c...
compiling stm32l4xx_hal_dma_ex.c...
compiling stm32l4xx_hal_tim.c...
compiling stm32l4xx_hal_pwr.c...
compiling stm32l4xx_hal_rcc.c...
compiling stm32l4xx_hal_cortex.c...
compiling stm32l4xx_hal_uart_ex.c...
compiling stm32l4xx_hal_pwr_ex.c...
compiling stm32l4xx_hal_exti.c...
compiling system_stm32l4xx.c...
compiling stm32l4xx_hal_tim_ex.c...
compiling stm32l4xx_hal_uart.c...
linking...
L431Template\L431Template.axf: Warning: L6988W: Ignoring unknown patch sdcomp-29491-629360.
Program Size: Code=12320 RO-data=500 RW-data=36 ZI-data=1516  
Finished: 0 information, 1 warning and 0 error messages.
FromELF: creating hex file...
"L431Template\L431Template.axf" - 0 Error(s), 3 Warning(s).

<h2>Software Packages used:</h2>

Package Vendor: ARM
                https://www.keil.com/pack/ARM.CMSIS.6.1.0.pack
                ARM::CMSIS@6.1.0
                CMSIS (Common Microcontroller Software Interface Standard)
   * Component: CORE Version: 6.1.0

Package Vendor: Keil
                http://www.keil.com/pack/Keil.STM32L4xx_DFP.2.0.0.pack
                Keil::STM32L4xx_DFP@2.0.0
                STMicroelectronics STM32L4 Series Device Support, Drivers and Examples

<h2>Collection of Component include folders:</h2>
  ./RTE/_L431Template
  D:/ProgrammingTool/MDK/Pack/ARM/CMSIS/6.1.0/CMSIS/Core/Include
  D:/ProgrammingTool/MDK/Pack/Keil/STM32L4xx_DFP/2.0.0/Drivers/CMSIS/Device/ST/STM32L4xx/Include

<h2>Collection of Component Files used:</h2>

   * Component: ARM::CMSIS:CORE@6.1.0
      Include file:  CMSIS/Core/Include/tz_context.h
Build Time Elapsed:  00:00:14
</pre>
</body>
</html>
